[0m11:03:32.923054 [debug] [MainThread]: Sending event: {'category': 'dbt', 'action': 'invocation', 'label': 'start', 'context': [<snowplow_tracker.self_describing_json.SelfDescribingJson object at 0x000001742D0AD7F0>, <snowplow_tracker.self_describing_json.SelfDescribingJson object at 0x000001742B26CB90>, <snowplow_tracker.self_describing_json.SelfDescribingJson object at 0x000001742DCFAAD0>]}


============================== 11:03:32.941361 | 7dc3a7ae-caf3-4ed4-8434-1def9aff484a ==============================
[0m11:03:32.941361 [info ] [MainThread]: Running with dbt=1.9.2
[0m11:03:32.942281 [debug] [MainThread]: running dbt with arguments {'printer_width': '80', 'indirect_selection': 'eager', 'write_json': 'True', 'log_cache_events': 'False', 'partial_parse': 'True', 'cache_selected_only': 'False', 'warn_error': 'None', 'fail_fast': 'False', 'profiles_dir': 'C:\\Users\\elyadata\\.dbt', 'log_path': 'logs', 'debug': 'False', 'version_check': 'True', 'use_colors': 'True', 'use_experimental_parser': 'False', 'no_print': 'None', 'quiet': 'False', 'empty': 'None', 'log_format': 'default', 'invocation_command': 'dbt init', 'warn_error_options': 'WarnErrorOptions(include=[], exclude=[])', 'introspect': 'True', 'target_path': 'None', 'static_parser': 'True', 'send_anonymous_usage_stats': 'True'}
[0m11:03:32.963870 [warn ] [MainThread]: [ConfigFolderDirectory]: Unable to parse logging event dictionary. Failed to parse dir field: expected string or bytes-like object, got 'WindowsPath'.. Dictionary: {'dir': WindowsPath('C:/Users/elyadata/.dbt')}
[0m11:03:32.964457 [info ] [MainThread]: Creating dbt configuration folder at 
[0m11:04:49.621852 [debug] [MainThread]: Starter project path: C:\Users\elyadata\Documents\DBT\dbt-venv\Lib\site-packages\dbt\include\starter_project
[0m11:04:49.664817 [info ] [MainThread]: 
Your new dbt project "dbt_first_project" was created!

For more information on how to configure the profiles.yml file,
please consult the dbt documentation here:

  https://docs.getdbt.com/docs/configure-your-profile

One more thing:

Need help? Don't hesitate to reach out to us via GitHub issues or on Slack:

  https://community.getdbt.com/

Happy modeling!

[0m11:04:49.666078 [info ] [MainThread]: Setting up your profile.
[0m11:09:30.436096 [info ] [MainThread]: Profile dbt_first_project written to C:\Users\elyadata\.dbt\profiles.yml using target's profile_template.yml and your supplied values. Run 'dbt debug' to validate the connection.
[0m11:09:30.438864 [debug] [MainThread]: Command `dbt init` succeeded at 11:09:30.438542 after 357.66 seconds
[0m11:09:30.439487 [debug] [MainThread]: Sending event: {'category': 'dbt', 'action': 'invocation', 'label': 'end', 'context': [<snowplow_tracker.self_describing_json.SelfDescribingJson object at 0x000001744850D0F0>, <snowplow_tracker.self_describing_json.SelfDescribingJson object at 0x000001742E26A9F0>, <snowplow_tracker.self_describing_json.SelfDescribingJson object at 0x0000017448510270>]}
[0m11:09:30.440098 [debug] [MainThread]: Flushing usage events
[0m11:09:31.270157 [debug] [MainThread]: An error was encountered while trying to flush usage events
[0m11:12:31.498325 [debug] [MainThread]: Sending event: {'category': 'dbt', 'action': 'invocation', 'label': 'start', 'context': [<snowplow_tracker.self_describing_json.SelfDescribingJson object at 0x0000022142E6D7F0>, <snowplow_tracker.self_describing_json.SelfDescribingJson object at 0x0000022141030B90>, <snowplow_tracker.self_describing_json.SelfDescribingJson object at 0x0000022143F97ED0>]}


============================== 11:12:31.502406 | 65cd53c2-a577-4627-84af-11d66a8b397b ==============================
[0m11:12:31.502406 [info ] [MainThread]: Running with dbt=1.9.2
[0m11:12:31.503159 [debug] [MainThread]: running dbt with arguments {'printer_width': '80', 'indirect_selection': 'eager', 'write_json': 'True', 'log_cache_events': 'False', 'partial_parse': 'True', 'cache_selected_only': 'False', 'warn_error': 'None', 'debug': 'False', 'version_check': 'True', 'log_path': 'logs', 'fail_fast': 'False', 'profiles_dir': 'C:\\Users\\elyadata\\.dbt', 'use_colors': 'True', 'use_experimental_parser': 'False', 'no_print': 'None', 'quiet': 'False', 'empty': 'None', 'warn_error_options': 'WarnErrorOptions(include=[], exclude=[])', 'static_parser': 'True', 'log_format': 'default', 'invocation_command': 'dbt debug', 'target_path': 'None', 'introspect': 'True', 'send_anonymous_usage_stats': 'True'}
[0m11:12:31.525292 [info ] [MainThread]: dbt version: 1.9.2
[0m11:12:31.525700 [info ] [MainThread]: python version: 3.13.1
[0m11:12:31.525947 [info ] [MainThread]: python path: C:\Users\elyadata\Documents\DBT\dbt-venv\Scripts\python.exe
[0m11:12:31.526170 [info ] [MainThread]: os info: Windows-11-10.0.22631-SP0
[0m11:12:32.241790 [info ] [MainThread]: Using profiles dir at C:\Users\elyadata\.dbt
[0m11:12:32.242637 [info ] [MainThread]: Using profiles.yml file at C:\Users\elyadata\.dbt\profiles.yml
[0m11:12:32.243036 [info ] [MainThread]: Using dbt_project.yml file at C:\Users\elyadata\Documents\DBT\dbt_project.yml
[0m11:12:32.243443 [info ] [MainThread]: adapter type: bigquery
[0m11:12:32.244004 [info ] [MainThread]: adapter version: 1.9.1
[0m11:12:32.244678 [info ] [MainThread]: Configuration:
[0m11:12:32.245252 [info ] [MainThread]:   profiles.yml file [[32mOK found and valid[0m]
[0m11:12:32.245884 [info ] [MainThread]:   dbt_project.yml file [[31mERROR not found[0m]
[0m11:12:32.246511 [info ] [MainThread]: Required dependencies:
[0m11:12:32.247217 [debug] [MainThread]: Executing "git --help"
[0m11:12:32.275209 [debug] [MainThread]: STDOUT: "b"usage: git [-v | --version] [-h | --help] [-C <path>] [-c <name>=<value>]\n           [--exec-path[=<path>]] [--html-path] [--man-path] [--info-path]\n           [-p | --paginate | -P | --no-pager] [--no-replace-objects] [--no-lazy-fetch]\n           [--no-optional-locks] [--no-advice] [--bare] [--git-dir=<path>]\n           [--work-tree=<path>] [--namespace=<name>] [--config-env=<name>=<envvar>]\n           <command> [<args>]\n\nThese are common Git commands used in various situations:\n\nstart a working area (see also: git help tutorial)\n   clone      Clone a repository into a new directory\n   init       Create an empty Git repository or reinitialize an existing one\n\nwork on the current change (see also: git help everyday)\n   add        Add file contents to the index\n   mv         Move or rename a file, a directory, or a symlink\n   restore    Restore working tree files\n   rm         Remove files from the working tree and from the index\n\nexamine the history and state (see also: git help revisions)\n   bisect     Use binary search to find the commit that introduced a bug\n   diff       Show changes between commits, commit and working tree, etc\n   grep       Print lines matching a pattern\n   log        Show commit logs\n   show       Show various types of objects\n   status     Show the working tree status\n\ngrow, mark and tweak your common history\n   backfill   Download missing objects in a partial clone\n   branch     List, create, or delete branches\n   commit     Record changes to the repository\n   merge      Join two or more development histories together\n   rebase     Reapply commits on top of another base tip\n   reset      Reset current HEAD to the specified state\n   switch     Switch branches\n   tag        Create, list, delete or verify a tag object signed with GPG\n\ncollaborate (see also: git help workflows)\n   fetch      Download objects and refs from another repository\n   pull       Fetch from and integrate with another repository or a local branch\n   push       Update remote refs along with associated objects\n\n'git help -a' and 'git help -g' list available subcommands and some\nconcept guides. See 'git help <command>' or 'git help <concept>'\nto read about a specific subcommand or concept.\nSee 'git help git' for an overview of the system.\n""
[0m11:12:32.275914 [debug] [MainThread]: STDERR: "b''"
[0m11:12:32.276399 [info ] [MainThread]:  - git [[32mOK found[0m]

[0m11:12:32.276814 [info ] [MainThread]: Connection:
[0m11:12:32.277264 [info ] [MainThread]:   method: oauth
[0m11:12:32.277719 [info ] [MainThread]:   database: data-engineering-450711
[0m11:12:32.278165 [info ] [MainThread]:   execution_project: data-engineering-450711
[0m11:12:32.278647 [info ] [MainThread]:   schema: dbt_dataset
[0m11:12:32.279112 [info ] [MainThread]:   location: US
[0m11:12:32.279624 [info ] [MainThread]:   priority: interactive
[0m11:12:32.280100 [info ] [MainThread]:   maximum_bytes_billed: None
[0m11:12:32.280501 [info ] [MainThread]:   impersonate_service_account: None
[0m11:12:32.280908 [info ] [MainThread]:   job_retry_deadline_seconds: None
[0m11:12:32.281378 [info ] [MainThread]:   job_retries: 1
[0m11:12:32.281899 [info ] [MainThread]:   job_creation_timeout_seconds: None
[0m11:12:32.282242 [info ] [MainThread]:   job_execution_timeout_seconds: 300
[0m11:12:32.282612 [info ] [MainThread]:   timeout_seconds: 300
[0m11:12:32.282999 [info ] [MainThread]:   client_id: None
[0m11:12:32.283454 [info ] [MainThread]:   token_uri: None
[0m11:12:32.283852 [info ] [MainThread]:   dataproc_region: None
[0m11:12:32.284205 [info ] [MainThread]:   dataproc_cluster_name: None
[0m11:12:32.284581 [info ] [MainThread]:   gcs_bucket: None
[0m11:12:32.285121 [info ] [MainThread]:   dataproc_batch: None
[0m11:12:32.285983 [info ] [MainThread]: Registered adapter: bigquery=1.9.1
[0m11:12:32.697228 [debug] [MainThread]: Acquiring new bigquery connection 'debug'
[0m11:12:32.697534 [debug] [MainThread]: On debug: select 1 as id
[0m11:12:32.697928 [debug] [MainThread]: Opening a new connection, currently in state init
[0m11:12:44.690673 [debug] [MainThread]: BigQuery adapter: Got an error when attempting to create a bigquery " "client: 'Runtime Error
  Failed to authenticate with supplied credentials
  error:
  Your default credentials were not found. To set up Application Default Credentials, see https://cloud.google.com/docs/authentication/external/set-up-adc for more information.'
[0m11:12:44.691464 [debug] [MainThread]: BigQuery adapter: Unhandled error while running:
select 1 as id
[0m11:12:44.691961 [debug] [MainThread]: BigQuery adapter: Database Error
  Runtime Error
    Failed to authenticate with supplied credentials
    error:
    Your default credentials were not found. To set up Application Default Credentials, see https://cloud.google.com/docs/authentication/external/set-up-adc for more information.
[0m11:12:44.693058 [info ] [MainThread]:   Connection test: [[31mERROR[0m]

[0m11:12:44.693919 [info ] [MainThread]: [31m2 checks failed:[0m
[0m11:12:44.694611 [info ] [MainThread]: Project loading failed for the following reason:
 project path <C:\Users\elyadata\Documents\DBT\dbt_project.yml> not found

[0m11:12:44.695263 [info ] [MainThread]: dbt was unable to connect to the specified database.
The database returned the following error:

  >'NoneType' object has no attribute 'close'

Check your database credentials and try again. For more information, visit:
https://docs.getdbt.com/docs/configure-your-profile


[0m11:12:44.696565 [debug] [MainThread]: Command `dbt debug` failed at 11:12:44.696395 after 13.35 seconds
[0m11:12:44.697062 [debug] [MainThread]: Sending event: {'category': 'dbt', 'action': 'invocation', 'label': 'end', 'context': [<snowplow_tracker.self_describing_json.SelfDescribingJson object at 0x000002215E3E8640>, <snowplow_tracker.self_describing_json.SelfDescribingJson object at 0x000002215E3ED010>, <snowplow_tracker.self_describing_json.SelfDescribingJson object at 0x000002215E30E250>]}
[0m11:12:44.697529 [debug] [MainThread]: Flushing usage events
[0m11:12:45.529499 [debug] [MainThread]: An error was encountered while trying to flush usage events
[0m11:55:42.361724 [debug] [MainThread]: Sending event: {'category': 'dbt', 'action': 'invocation', 'label': 'start', 'context': [<snowplow_tracker.self_describing_json.SelfDescribingJson object at 0x000001BBC657D7F0>, <snowplow_tracker.self_describing_json.SelfDescribingJson object at 0x000001BBC4740B90>, <snowplow_tracker.self_describing_json.SelfDescribingJson object at 0x000001BBC7697ED0>]}


============================== 11:55:42.365462 | 1019a498-85e7-4e21-8936-02b34b1f6629 ==============================
[0m11:55:42.365462 [info ] [MainThread]: Running with dbt=1.9.2
[0m11:55:42.366310 [debug] [MainThread]: running dbt with arguments {'printer_width': '80', 'indirect_selection': 'eager', 'write_json': 'True', 'log_cache_events': 'False', 'partial_parse': 'True', 'cache_selected_only': 'False', 'profiles_dir': 'C:\\Users\\elyadata\\.dbt', 'debug': 'False', 'warn_error': 'None', 'log_path': 'logs', 'fail_fast': 'False', 'version_check': 'True', 'use_colors': 'True', 'use_experimental_parser': 'False', 'empty': 'None', 'quiet': 'False', 'no_print': 'None', 'log_format': 'default', 'invocation_command': 'dbt debug', 'introspect': 'True', 'warn_error_options': 'WarnErrorOptions(include=[], exclude=[])', 'target_path': 'None', 'static_parser': 'True', 'send_anonymous_usage_stats': 'True'}
[0m11:55:42.379426 [info ] [MainThread]: dbt version: 1.9.2
[0m11:55:42.380044 [info ] [MainThread]: python version: 3.13.1
[0m11:55:42.380564 [info ] [MainThread]: python path: C:\Users\elyadata\Documents\DBT\dbt-venv\Scripts\python.exe
[0m11:55:42.381001 [info ] [MainThread]: os info: Windows-11-10.0.22631-SP0
[0m11:55:43.088778 [info ] [MainThread]: Using profiles dir at C:\Users\elyadata\.dbt
[0m11:55:43.089550 [info ] [MainThread]: Using profiles.yml file at C:\Users\elyadata\.dbt\profiles.yml
[0m11:55:43.090233 [info ] [MainThread]: Using dbt_project.yml file at C:\Users\elyadata\Documents\DBT\dbt_project.yml
[0m11:55:43.090868 [info ] [MainThread]: adapter type: bigquery
[0m11:55:43.091483 [info ] [MainThread]: adapter version: 1.9.1
[0m11:55:43.092063 [info ] [MainThread]: Configuration:
[0m11:55:43.092558 [info ] [MainThread]:   profiles.yml file [[32mOK found and valid[0m]
[0m11:55:43.093065 [info ] [MainThread]:   dbt_project.yml file [[31mERROR not found[0m]
[0m11:55:43.093569 [info ] [MainThread]: Required dependencies:
[0m11:55:43.094197 [debug] [MainThread]: Executing "git --help"
[0m11:55:43.129214 [debug] [MainThread]: STDOUT: "b"usage: git [-v | --version] [-h | --help] [-C <path>] [-c <name>=<value>]\n           [--exec-path[=<path>]] [--html-path] [--man-path] [--info-path]\n           [-p | --paginate | -P | --no-pager] [--no-replace-objects] [--no-lazy-fetch]\n           [--no-optional-locks] [--no-advice] [--bare] [--git-dir=<path>]\n           [--work-tree=<path>] [--namespace=<name>] [--config-env=<name>=<envvar>]\n           <command> [<args>]\n\nThese are common Git commands used in various situations:\n\nstart a working area (see also: git help tutorial)\n   clone      Clone a repository into a new directory\n   init       Create an empty Git repository or reinitialize an existing one\n\nwork on the current change (see also: git help everyday)\n   add        Add file contents to the index\n   mv         Move or rename a file, a directory, or a symlink\n   restore    Restore working tree files\n   rm         Remove files from the working tree and from the index\n\nexamine the history and state (see also: git help revisions)\n   bisect     Use binary search to find the commit that introduced a bug\n   diff       Show changes between commits, commit and working tree, etc\n   grep       Print lines matching a pattern\n   log        Show commit logs\n   show       Show various types of objects\n   status     Show the working tree status\n\ngrow, mark and tweak your common history\n   backfill   Download missing objects in a partial clone\n   branch     List, create, or delete branches\n   commit     Record changes to the repository\n   merge      Join two or more development histories together\n   rebase     Reapply commits on top of another base tip\n   reset      Reset current HEAD to the specified state\n   switch     Switch branches\n   tag        Create, list, delete or verify a tag object signed with GPG\n\ncollaborate (see also: git help workflows)\n   fetch      Download objects and refs from another repository\n   pull       Fetch from and integrate with another repository or a local branch\n   push       Update remote refs along with associated objects\n\n'git help -a' and 'git help -g' list available subcommands and some\nconcept guides. See 'git help <command>' or 'git help <concept>'\nto read about a specific subcommand or concept.\nSee 'git help git' for an overview of the system.\n""
[0m11:55:43.129647 [debug] [MainThread]: STDERR: "b''"
[0m11:55:43.129896 [info ] [MainThread]:  - git [[32mOK found[0m]

[0m11:55:43.130434 [info ] [MainThread]: Connection:
[0m11:55:43.130988 [info ] [MainThread]:   method: oauth
[0m11:55:43.131537 [info ] [MainThread]:   database: starry-diode-450809-k0
[0m11:55:43.132054 [info ] [MainThread]:   execution_project: starry-diode-450809-k0
[0m11:55:43.132639 [info ] [MainThread]:   schema: dbt_database
[0m11:55:43.133201 [info ] [MainThread]:   location: US
[0m11:55:43.133732 [info ] [MainThread]:   priority: interactive
[0m11:55:43.134147 [info ] [MainThread]:   maximum_bytes_billed: None
[0m11:55:43.134562 [info ] [MainThread]:   impersonate_service_account: None
[0m11:55:43.134927 [info ] [MainThread]:   job_retry_deadline_seconds: None
[0m11:55:43.135281 [info ] [MainThread]:   job_retries: 1
[0m11:55:43.135712 [info ] [MainThread]:   job_creation_timeout_seconds: None
[0m11:55:43.136384 [info ] [MainThread]:   job_execution_timeout_seconds: 300
[0m11:55:43.137048 [info ] [MainThread]:   timeout_seconds: 300
[0m11:55:43.137733 [info ] [MainThread]:   client_id: None
[0m11:55:43.138219 [info ] [MainThread]:   token_uri: None
[0m11:55:43.138780 [info ] [MainThread]:   dataproc_region: None
[0m11:55:43.139394 [info ] [MainThread]:   dataproc_cluster_name: None
[0m11:55:43.140211 [info ] [MainThread]:   gcs_bucket: None
[0m11:55:43.140803 [info ] [MainThread]:   dataproc_batch: None
[0m11:55:43.141417 [info ] [MainThread]: Registered adapter: bigquery=1.9.1
[0m11:55:43.313021 [debug] [MainThread]: Acquiring new bigquery connection 'debug'
[0m11:55:43.313338 [debug] [MainThread]: On debug: select 1 as id
[0m11:55:43.313572 [debug] [MainThread]: Opening a new connection, currently in state init
[0m11:55:46.285918 [debug] [MainThread]: BigQuery adapter: https://console.cloud.google.com/bigquery?project=starry-diode-450809-k0&j=bq:US:a979b8be-8799-42d7-b7d9-fa8ccaae2ae2&page=queryresults
[0m11:55:50.131583 [info ] [MainThread]:   Connection test: [[32mOK connection ok[0m]

[0m11:55:50.132929 [info ] [MainThread]: [31m1 check failed:[0m
[0m11:55:50.134075 [info ] [MainThread]: Project loading failed for the following reason:
 project path <C:\Users\elyadata\Documents\DBT\dbt_project.yml> not found

[0m11:55:50.136014 [debug] [MainThread]: Command `dbt debug` failed at 11:55:50.135781 after 7.93 seconds
[0m11:55:50.136459 [debug] [MainThread]: Connection 'debug' was properly closed.
[0m11:55:50.136917 [debug] [MainThread]: Sending event: {'category': 'dbt', 'action': 'invocation', 'label': 'end', 'context': [<snowplow_tracker.self_describing_json.SelfDescribingJson object at 0x000001BBE1A98510>, <snowplow_tracker.self_describing_json.SelfDescribingJson object at 0x000001BBE1A9D490>, <snowplow_tracker.self_describing_json.SelfDescribingJson object at 0x000001BBE19BD8C0>]}
[0m11:55:50.137344 [debug] [MainThread]: Flushing usage events
[0m11:55:51.199552 [debug] [MainThread]: An error was encountered while trying to flush usage events
